../Core/Src/main.c:77:9:int_to_bcd	16	static
../Core/Src/main.c:81:5:bcd_to_int	16	static
../Core/Src/main.c:86:6:SetRTC	8	static
../Core/Src/main.c:97:6:ReadRTC	56	static
../Core/Src/main.c:105:6:Display	16	static
../Core/Src/main.c:142:6:InitProc	40	static
../Core/Src/main.c:170:5:main	144	static
../Core/Src/main.c:269:6:SystemClock_Config	96	static
../Core/Src/main.c:327:13:MX_IWDG_Init	8	static
../Core/Src/main.c:356:13:MX_RTC_Init	32	static
../Core/Src/main.c:420:13:MX_USART1_UART_Init	8	static
../Core/Src/main.c:455:13:MX_USART2_UART_Init	8	static
../Core/Src/main.c:488:13:MX_DMA_Init	16	static
../Core/Src/main.c:506:13:MX_GPIO_Init	40	static
../Core/Src/main.c:586:6:HAL_GPIO_EXTI_Callback	16	static
../Core/Src/main.c:632:6:Error_Handler	4	static,ignoring_inline_asm
